MO DM NULL DM.v vlg21/_d_m.bin 1573314324
MO IM NULL IM.v vlg3A/_i_m.bin 1573314324
MO EEXT NULL EEXT.v vlg7A/_e_e_x_t.bin 1573309249
MO EXT NULL EXT.v vlg49/_e_x_t.bin 1573314324
MO Controller NULL Controller.v vlg34/_controller.bin 1573314324
MO GRF NULL GRF.v vlg4F/_g_r_f.bin 1573314324
MO mips NULL mips.v vlg1D/mips.bin 1573314324
MO ALU NULL ALU.v vlg2A/_a_l_u.bin 1574257603
